// Jest Snapshot v1, https://goo.gl/fbAQLP

exports[`opcClientDriver writes data to OPC Server socket 1`] = `1`;
