// Jest Snapshot v1, https://goo.gl/fbAQLP

exports[`coloursToString works 1`] = `
"[38;2;255;128;128m0 | {R:255 G:000 B:000}[39m
[38;2;255;128;128m[39m[38;2;128;255;128m1 | {R:000 G:255 B:000}[39m
[38;2;128;255;128m[39m[38;2;128;128;255m2 | {R:000 G:000 B:255}[39m
[38;2;128;128;255m[39m"
`;
